PASS     граница Астаны · R12 geo/objects.json  [R12]
FAIL     граница Астаны · R12 geo/yards.json  [R12]
         {"coords": 3962, "outside": 19, "examples": [[71.6718742, 51.3094308], [71.6742334, 51.3111448], [71.6704181, 51.3137676], [71.6733166, 51.3156608], [71.6716, 51.3165612]]}
PASS     граница Астаны · R12 geo/demo_snapped.json  [R12]
PASS     граница Астаны · R12 map/demo_snapped.json  [R12]
PASS     граница Астаны · R07 targets_demo.json  [R07]
PASS     граница Астаны · R05 proposals.fixture.json  [R05]
PASS     граница Астаны · R05 nura-streets.json  [R05]
FAIL     граница Астаны · R05 astana-existing.json  [R05]
         {"coords": 6691, "outside": 337, "examples": [[71.37867, 51.00083], [71.377295, 51.000097], [71.375421, 50.9981], [71.37357, 50.996948], [71.369762, 50.993719]]}
PASS     граница Астаны · R06 demo_r14.py  [R06]
PASS     граница Астаны · R13 forecast targets.json  [R13]
PASS     участки = рёбра OSM · R07 targets  [R07]
PASS     улицы Нуры R05 = рёбра OSM  [R05]
PASS     линии R05 proposals.fixture на улице  [R05]
PASS     линии R06 demo_r14 на улице  [R06]
PASS     нет линий «от руки» · R12 geo/demo_snapped.json  [R12]
PASS     нет линий «от руки» · R12 map/demo_snapped.json  [R12]
FAIL     остановки — не ж/д платформы · R05  [R05]
         {"stops": 1017, "railway": 41, "examples": ["osm-way-1019455643", "osm-way-1058647263", "osm-way-1058647264", "osm-way-1058647265", "osm-way-1492444185", "osm-way-1531992951", "osm-way-1531992953", "osm-way-1531992954"]}
PASS     остановки — не ж/д платформы · R07  [R07]
PASS     остановки — не ж/д платформы · R12  [R12]
PASS     остановки — не ж/д платформы · R13  [R13]
PASS     остановки ≤ 60 м от улицы · R12  [R12]
PASS     остановки ≤ 60 м от улицы · R07  [R07]
FAIL     остановки ≤ 60 м от улицы · R05  [R05]
         {"stops": 1017, "far_from_any_line": ["osm-way-1492444185", "osm-way-272757224"], "far_from_road": 2, "far_road_examples": [{"id": "osm-way-1492444185", "road_m": 90.0, "any_line_m": 75.2, "point": [71.408875, 51.19607]}, {"id": "osm-way-272757224", "road_m": 109.9, "any_line_m": 98.2, "point": [71.409403, 51.19609]}], "max_road_m": 109.9}
PASS     остановки ≤ 60 м от улицы · R13  [R13]
PASS     объекты R12 = точки OSM  [R12]
PASS     объекты R05 = точки OSM  [R05]
PASS     объекты R07 = точки OSM  [R07]
PASS     id целей R07 по контракту §4  [R07]
ИТОГ: {'PASS': 24, 'FAIL': 4, 'NOT_RUN': 0}
