R10 e2e: сборка C:\Users\LEGION\Desktop\hackalem\birge-b2 @ f54361d, сервер http://127.0.0.1:8611/
PASS    API 0 шлюз v2: все маршруты ready — {"not_ready":[]}
PASS    API 1 /targets у остановки: первый кандидат — реальный объект OSM ≤ 60 м с подписью — {"status":200,"first":{"id":"osm-node-4109037549","label":"Остановка «Хан Шатыр»","d":0.1},"n":1}
PASS    API 2 /classify (ru) → «Остановки и транспорт», ответ по §7 — {"status":200,"category":"transport","score":0.9978,"needs_review":true,"model":"civic-clf-v2-xlm-roberta-base-synth_all-daaa6dae4-s20261011"}
PASS    API 2 /classify (kk) → «Остановки и транспорт», ответ по §7 — {"status":200,"category":"transport","score":0.9975,"needs_review":true,"model":"civic-clf-v2-xlm-roberta-base-synth_all-daaa6dae4-s20261011"}
PASS    API 2 /classify (mixed) → «Остановки и транспорт», ответ по §7 — {"status":200,"category":"transport","score":0.9686,"needs_review":true,"model":"civic-clf-v2-xlm-roberta-base-synth_all-daaa6dae4-s20261011"}
PASS    API 1 POST /complaints: запись §5 (id c-…, status new, target сохранён) — {"status":201,"id":"c-89237c5ecf36e4de","st":"new"}
PASS    API 2 /similar находит только что поданную жалобу на ту же остановку — {"status":200,"n":1,"top":{"complaint_id":"c-89237c5ecf36e4de","score":0.798,"target":{"id":"osm-node-4109037549","kind":"object","label_kk":"«Хан Шатыр» аялдамасы","label_ru":"Остановка «Хан Шатыр»"},"metoo":0,"people":1,"category":"transport","created_at":"2026-10-10T21:46:26+05:00","status":"new"
PASS    API 2 «Я тоже» другим устройством: metoo +1 — {"status":200,"metoo":1}
PASS    API 2 повторное «Я тоже» с того же устройства не увеличивает счёт — {"status":200,"metoo":1}
PASS    API 3 /heat (Нура, 30 дней, z16): цель жалобы есть, level ≥ 1, count ≥ 1, форма есть — {"status":200,"items":30,"target":{"level":1,"count":2,"weight":2,"kind":"object"}}
PASS    API 3 смысловой зум: z10 отдаёт районы, а не отдельные остановки — {"status":200,"n":6,"kinds":["district"]}
PASS    API 4 /akim/summary: KPI, темы, районы, горячие места, просрочки, отставание, текст ru/kk — {"status":200,"complaints_available":true,"sources":{"complaints":"r07","objects":"r06","proposals":"r06","heat":"r07"},"hot":10}
PASS    API 5 вход сотрудника акимата (сессия + CSRF) — {"ok":true,"status":200}
PASS    API 5 GET /proposals: демо-предложения (seed-r14-demo) со статусом — {"status":200,"n":5,"statuses":["proposal"]}
PASS    API 5 POST /proposals (сквер) от сотрудника — {"status":201,"id":"p-c5a9d7d68c45","st":"proposal"}
PASS    API 5 голос «За» +1, повтор с того же устройства не удваивает — {"first":[200,1],"second":[200,1]}
PASS    API 6 сотрудник: «Взять в работу» → «Исправлено» — {"in_progress":200,"fixed":200}
PASS    API 6 после «исправлено» цель зелёная (fixed_until задан, вес обнулён) — {"item":{"level":"fixed","weight":0,"fixed_until":"2026-10-17T21:46:27+05:00"}}
PASS    API 6 GET /complaints: статус fixed и история статусов — {"status":200,"st":"fixed","history":3}
PASS    UI 1366-ru 0 шапка: ҚАЗ/РУС на виду, язык страницы переключился — {"lang":"ru"}
PASS    UI 1366-ru 0 нет горизонтальной прокрутки — {"scrollW":1366,"w":1366}
PASS    UI 1366-ru 0 нет ключей перевода и технических слов — {"raw":[],"tech":[]}
FAIL    UI 1366-ru 0 шрифт: нет текста мельче 14 px (основной ≥ 16 px) — {"tiny":12,"ex":["11px «Город и жители вместе»","11px «3D»","12px «Для сотрудников»","10px «Территория»","12px «К объектам»","12px «Слои»","12px «Границы районов»","12px «Карта доступна по всей Астане.»"],"under16":9,"ex16":["14px «Больше всего жалоб: Нура · 185»","14px «Примеры: жалобы придуманы, у
FAIL    UI 1366-ru 0 зоны нажатия ≥ 40 px (цель — 48 px) — {"under40N":7,"under40":[{"h":36,"w":128,"t":"Для сотрудников"},{"h":25,"w":276,"t":"Вся Астана Есиль Алматы "},{"h":32,"w":69,"t":"К объектам"},{"h":32,"w":45,"t":"Слои"},{"h":36,"w":11,"t":""},{"h":34,"w":367,"t":"Найти улицу в Астане"},{"h":32,"w":39,"t":"Найти"}],"under48":"21/34"}
FAIL    UI 1366-ru 1 клавиатура: Tab доходит до главной кнопки, рамка фокуса видна — {"tabs":null,"primary":false,"ring":false}
PASS    UI 1366-ru 1 главная кнопка «Сообщить о проблеме» есть и открывает шаг «Где проблема?» — {"resident_view":true}
FAIL    UI 1366-ru 1 нажатие по значку на остановке выбирает место (значок не перехватывает нажатие) — {"under":"r07-badge__count"}
PASS    UI 1366-ru 1 после нажатия на карту в форме предложена остановка «Хан Шатыр» — {"point":{"x":682.9999999933773,"y":345.60000001721914,"onCanvas":false,"under":"r07-badge__count","near":{"x":682.9999999933773,"y":367.60000001721914,"r":22}},"names":["Хан Шатыр","Хан Шатыр","Хан Шатыр"]}
PASS    UI 1366-ru 2 модель предложила категорию «Остановки и транспорт» («Похоже на:») — {"textbox":true,"suggested":true,"catShown":true}
PASS    UI 1366-ru 2 после отправки: «Я тоже» (если уже сообщали) → «Ваш голос учтён», иначе «Обращение отправлено» — {"sent":true,"metoo":true,"done":true}
PASS    UI 1366-ru 3 тепловая карта у остановки: цвет нарисован, рядом число людей, легенда с числами видна — {"map":true,"layers":12,"rendered":55,"badges":40,"legend":true}
PASS    UI 1366-ru 4 «Картина дня»: открылась, 4 крупных числа, «В работе», «Просрочено» — {"day":true,"placeholder_soon":false,"kpis":4,"kpiText":true,"overdue":true}
PASS    UI 1366-ru 5 вход сотрудника: «Для сотрудников» → имя и пароль → кабинет открыт — {"opened":true,"ok":true,"tech":["editor","/staff/meta"]}
FAIL    UI 1366-ru 5 кабинет сотрудника: нет технических слов (адреса API, роли сервера) — {"tech":["editor","/staff/meta"]}
PASS    UI 1366-ru 5 каталог «Что построить?»: сквер, площадка, спортплощадка, остановка, освещение — {"catalog":true,"kinds":["square","playground","sports","stop","lighting"]}
PASS    UI 1366-ru 5 «Сквер» → нажать на карту → «Поставить»: «Проект поставлен», на карте табличка проекта 2027 — {"hint":true,"placedClick":true,"placedMsg":true,"label_px_from_place":16}
PASS    UI 1366-ru 5 житель: табличка проекта → карточка → «За» → «Голос учтён» / «Ваш голос: за» — {"label":true,"voted":true,"saved":true}
PASS    UI 1366-ru 5 акимат: карточка проекта → «Удалить» → «Проект удалён» — {"label":true,"delClick":true,"deleted":true}
PASS    UI 1366-ru 6 акимат: карточка остановки → «Взять в работу» → «Отметить исправленным» → «Исправлено», зелёным на карте — {"under":"r07-badge__count","take":true,"fix":true,"fixedShown":true,"green":true}
PASS    UI 1366-ru 6 житель: «Мои обращения» → у обращения статус «Исправлено» — {"mineOpen":true,"mineFixed":true}
FAIL    UI 1366-ru * консоль без ошибок (кроме шума среды: подложка, WebGL) — ["warning: Expected value to be of type number, but found null instead.","warning: Expected value to be of type number, but found null instead.","warning: Expected value to be of type number, but found null instead.","warning: Image \"office\" could not be loaded. Please make sure you have added the
PASS    UI 1366-kk 0 шапка: ҚАЗ/РУС на виду, язык страницы переключился — {"lang":"kk"}
PASS    UI 1366-kk 0 нет горизонтальной прокрутки — {"scrollW":1366,"w":1366}
PASS    UI 1366-kk 0 нет ключей перевода и технических слов — {"raw":[],"tech":[]}
FAIL    UI 1366-kk 0 шрифт: нет текста мельче 14 px (основной ≥ 16 px) — {"tiny":12,"ex":["11px «Қала мен тұрғындар бірге»","11px «3D»","12px «Қызметкерлерге»","10px «Аумақ»","12px «Нысандарға»","12px «Қабаттар»","12px «Аудан шекаралары»","12px «Карта бүкіл Астана бойынша қол»"],"under16":8,"ex16":["14px «Ең көп шағым: Нұра · 185 адам»","14px «Мысалдар: шағымдар ойдан құ
FAIL    UI 1366-kk 0 зоны нажатия ≥ 40 px (цель — 48 px) — {"under40N":7,"under40":[{"h":36,"w":124,"t":"Қызметкерлерге"},{"h":25,"w":249,"t":"Бүкіл Астана Есіл Алматы"},{"h":32,"w":73,"t":"Нысандарға"},{"h":32,"w":68,"t":"Қабаттар"},{"h":36,"w":34,"t":""},{"h":34,"w":377,"t":"Астанадан көше іздеу"},{"h":32,"w":29,"t":"Табу"}],"under48":"21/33"}
FAIL    UI 1366-kk 0 ҚАЗ: нет строк, оставшихся по-русски — {"n":40,"ex":["7 объектов","Подтверждённых реальных работ в реестре пока нет: все 7 записей — демонстрационные, не сведения о работах в городе.","Фильтры","Дорожные работы","Демо: завершённый ремонт тротуара","Завершено · до 30.09.2026 · срок перенесён","Демо","Примерное место"]}
FAIL    UI 1366-kk 1 клавиатура: Tab доходит до главной кнопки, рамка фокуса видна — {"tabs":null,"primary":false,"ring":false}
PASS    UI 1366-kk 1 главная кнопка «Мәселе туралы хабарлау» есть и открывает шаг «Где проблема?» — {"resident_view":true}
FAIL    UI 1366-kk 1 нажатие по значку на остановке выбирает место (значок не перехватывает нажатие) — {"under":"r07-badge__count"}
PASS    UI 1366-kk 1 после нажатия на карту в форме предложена остановка «Хан Шатыр» — {"point":{"x":682.9999999933773,"y":345.60000001721914,"onCanvas":false,"under":"r07-badge__count","near":{"x":682.9999999933773,"y":367.60000001721914,"r":22}},"names":["Хан Шатыр","Хан Шатыр","Хан Шатыр"]}
PASS    UI 1366-kk 2 модель предложила категорию «Аялдамалар мен көлік» («Ұқсас санат:») — {"textbox":true,"suggested":true,"catShown":true}
PASS    UI 1366-kk 2 после отправки: «Я тоже» (если уже сообщали) → «Ваш голос учтён», иначе «Обращение отправлено» — {"sent":true,"metoo":true,"done":true}
PASS    UI 1366-kk 3 тепловая карта у остановки: цвет нарисован, рядом число людей, легенда с числами видна — {"map":true,"layers":12,"rendered":55,"badges":40,"legend":true}
PASS    UI 1366-kk 4 «Картина дня»: открылась, 4 крупных числа, «В работе», «Просрочено» — {"day":true,"placeholder_soon":false,"kpis":4,"kpiText":true,"overdue":true}
PASS    UI 1366-kk 5 вход сотрудника: «Для сотрудников» → имя и пароль → кабинет открыт — {"opened":true,"ok":true,"ru_in_kk":["Вход для сотрудника","Учётную запись создаёт","Имя пользователя","Пароль","Кабинет редактора","Вы вошли","Новый объект","Обновить список","Черновики","Опубликованные","Архив"],"tech":["editor","/staff/meta"]}
FAIL    UI 1366-kk 5 кабинет сотрудника: нет технических слов (адреса API, роли сервера) — {"tech":["editor","/staff/meta"]}
FAIL    UI 1366-kk 5 ҚАЗ: форма входа и кабинет сотрудника по-казахски — {"ru":["Вход для сотрудника","Учётную запись создаёт","Имя пользователя","Пароль","Кабинет редактора","Вы вошли","Новый объект","Обновить список","Черновики","Опубликованные","Архив"]}
PASS    UI 1366-kk 5 каталог «Что построить?»: сквер, площадка, спортплощадка, остановка, освещение — {"catalog":true,"kinds":["square","playground","sports","stop","lighting"]}
PASS    UI 1366-kk 5 «Гүлзар» → нажать на карту → «Поставить»: «Проект поставлен», на карте табличка проекта 2027 — {"hint":true,"placedClick":true,"placedMsg":true,"label_px_from_place":16}
PASS    UI 1366-kk 5 житель: табличка проекта → карточка → «За» → «Голос учтён» / «Ваш голос: за» — {"label":true,"voted":true,"saved":true}
PASS    UI 1366-kk 5 акимат: карточка проекта → «Удалить» → «Проект удалён» — {"label":true,"delClick":true,"deleted":true}
PASS    UI 1366-kk 6 акимат: карточка остановки → «Взять в работу» → «Отметить исправленным» → «Түзетілді», зелёным на карте — {"under":"r07-badge__count","take":true,"fix":true,"fixedShown":true,"green":true}
PASS    UI 1366-kk 6 житель: «Менің өтініштерім» → у обращения статус «Түзетілді» — {"mineOpen":true,"mineFixed":true}
FAIL    UI 1366-kk * консоль без ошибок (кроме шума среды: подложка, WebGL) — ["warning: Expected value to be of type number, but found null instead.","warning: Expected value to be of type number, but found null instead.","warning: Expected value to be of type number, but found null instead.","warning: Image \"office\" could not be loaded. Please make sure you have added the
PASS    UI 375-ru 0 шапка: ҚАЗ/РУС на виду, язык страницы переключился — {"lang":"ru"}
PASS    UI 375-ru 0 нет горизонтальной прокрутки — {"scrollW":375,"w":375}
PASS    UI 375-ru 0 нет ключей перевода и технических слов — {"raw":[],"tech":[]}
FAIL    UI 375-ru 0 шрифт: нет текста мельче 14 px (основной ≥ 16 px) — {"tiny":10,"ex":["11px «3D»","10px «Территория»","12px «К объектам»","12px «Слои»","12px «Границы районов»","12px «Карта доступна по всей Астане.»","12px «Опубликовано записей: 7. Из ни»","12px «Границы: OpenStreetMap, снимок»"],"under16":5,"ex16":["15px «Birge»","14px «Больше всего жалоб: Нура · 18
FAIL    UI 375-ru 0 зоны нажатия ≥ 40 px (цель — 48 px) — {"under40N":7,"under40":[{"h":34,"w":34,"t":"Показать всю Астану"},{"h":34,"w":34,"t":"Приблизить"},{"h":34,"w":34,"t":"3D"},{"h":36,"w":373,"t":"Развернуть панель"},{"h":36,"w":153,"t":"Вся Астана Есиль Алматы "},{"h":40,"w":37,"t":"Слои"},{"h":36,"w":3,"t":""}],"under48":"15/20"}
PASS    UI 375-ru 1 главная кнопка «Сообщить о проблеме» есть и открывает шаг «Где проблема?» — {"resident_view":true}
FAIL    UI 375-ru 1 нажатие по значку на остановке выбирает место (значок не перехватывает нажатие) — {"under":"r07-badge__count"}
PASS    UI 375-ru 1 после нажатия на карту в форме предложена остановка «Хан Шатыр» — {"point":{"x":187.5,"y":365.4000000131541,"onCanvas":false,"under":"r07-badge__count","near":{"x":187.5,"y":387.4000000131541,"r":22}},"names":["Хан Шатыр","Хан Шатыр","Хан Шатыр"]}
PASS    UI 375-ru 2 модель предложила категорию «Остановки и транспорт» («Похоже на:») — {"textbox":true,"suggested":true,"catShown":true}
PASS    UI 375-ru 2 после отправки: «Я тоже» (если уже сообщали) → «Ваш голос учтён», иначе «Обращение отправлено» — {"sent":true,"metoo":true,"done":true}
PASS    UI 375-ru 3 тепловая карта у остановки: цвет нарисован, рядом число людей, легенда с числами видна — {"map":true,"layers":12,"rendered":20,"badges":40,"legend":true}
PASS    UI 375-ru 4 «Картина дня»: открылась, 4 крупных числа, «В работе», «Просрочено» — {"day":true,"placeholder_soon":false,"kpis":4,"kpiText":true,"overdue":true}
PASS    UI 375-ru 5 вход сотрудника: «Для сотрудников» → имя и пароль → кабинет открыт — {"opened":true,"ok":true,"tech":["editor","/staff/meta"]}
FAIL    UI 375-ru 5 кабинет сотрудника: нет технических слов (адреса API, роли сервера) — {"tech":["editor","/staff/meta"]}
FAIL    UI 375-ru 5 каталог «Что построить?»: сквер, площадка, спортплощадка, остановка, освещение — {"catalog":false,"kinds":[]}
NOT_RUN UI 375-ru 5 постановка проекта и удаление — {"catalog":false,"kinds":[],"login":true}
PASS    UI 375-ru 5 житель: табличка демо-проекта → карточка → «За» → «Голос учтён» / «Ваш голос: за» — {"label":true,"voted":true,"saved":true}
PASS    UI 375-ru 6 акимат: карточка остановки → «Взять в работу» → «Отметить исправленным» → «Исправлено», зелёным на карте — {"under":"r07-badge__count","take":true,"fix":true,"fixedShown":true,"green":true}
PASS    UI 375-ru 6 житель: «Мои обращения» → у обращения статус «Исправлено» — {"mineOpen":true,"mineFixed":true}
FAIL    UI 375-ru * консоль без ошибок (кроме шума среды: подложка, WebGL) — ["warning: Expected value to be of type number, but found null instead.","warning: Expected value to be of type number, but found null instead.","warning: Expected value to be of type number, but found null instead.","warning: Image \"office\" could not be loaded. Please make sure you have added the
PASS    UI 375-kk 0 шапка: ҚАЗ/РУС на виду, язык страницы переключился — {"lang":"kk"}
PASS    UI 375-kk 0 нет горизонтальной прокрутки — {"scrollW":375,"w":375}
PASS    UI 375-kk 0 нет ключей перевода и технических слов — {"raw":[],"tech":[]}
FAIL    UI 375-kk 0 шрифт: нет текста мельче 14 px (основной ≥ 16 px) — {"tiny":10,"ex":["11px «3D»","10px «Аумақ»","12px «Нысандарға»","12px «Қабаттар»","12px «Аудан шекаралары»","12px «Карта бүкіл Астана бойынша қол»","12px «Жарияланған жазбалар: 7. Оның »","12px «Шекаралар: OpenStreetMap, 23.0»"],"under16":4,"ex16":["15px «Birge»","14px «Ең көп шағым: Нұра · 185 адам
FAIL    UI 375-kk 0 зоны нажатия ≥ 40 px (цель — 48 px) — {"under40N":7,"under40":[{"h":34,"w":34,"t":"Показать всю Астану"},{"h":34,"w":34,"t":"Приблизить"},{"h":34,"w":34,"t":"3D"},{"h":36,"w":373,"t":"Панельді ашу"},{"h":36,"w":127,"t":"Бүкіл Астана Есіл Алматы"},{"h":36,"w":25,"t":""},{"h":40,"w":33,"t":"Табу"}],"under48":"15/20"}
FAIL    UI 375-kk 0 ҚАЗ: нет строк, оставшихся по-русски — {"n":40,"ex":["7 объектов","Подтверждённых реальных работ в реестре пока нет: все 7 записей — демонстрационные, не сведения о работах в городе.","Фильтры","Дорожные работы","Демо: завершённый ремонт тротуара","Завершено · до 30.09.2026 · срок перенесён","Демо","Примерное место"]}
PASS    UI 375-kk 1 главная кнопка «Мәселе туралы хабарлау» есть и открывает шаг «Где проблема?» — {"resident_view":true}
FAIL    UI 375-kk 1 нажатие по значку на остановке выбирает место (значок не перехватывает нажатие) — {"under":"r07-badge__count"}
PASS    UI 375-kk 1 после нажатия на карту в форме предложена остановка «Хан Шатыр» — {"point":{"x":187.5,"y":365.4000000131541,"onCanvas":false,"under":"r07-badge__count","near":{"x":187.5,"y":387.4000000131541,"r":22}},"names":["Хан Шатыр","Хан Шатыр","Хан Шатыр"]}
PASS    UI 375-kk 2 модель предложила категорию «Аялдамалар мен көлік» («Ұқсас санат:») — {"textbox":true,"suggested":true,"catShown":true}
PASS    UI 375-kk 2 после отправки: «Я тоже» (если уже сообщали) → «Ваш голос учтён», иначе «Обращение отправлено» — {"sent":true,"metoo":true,"done":true}
PASS    UI 375-kk 3 тепловая карта у остановки: цвет нарисован, рядом число людей, легенда с числами видна — {"map":true,"layers":12,"rendered":20,"badges":40,"legend":true}
PASS    UI 375-kk 4 «Картина дня»: открылась, 4 крупных числа, «В работе», «Просрочено» — {"day":true,"placeholder_soon":false,"kpis":4,"kpiText":true,"overdue":true}
PASS    UI 375-kk 5 вход сотрудника: «Для сотрудников» → имя и пароль → кабинет открыт — {"opened":true,"ok":true,"ru_in_kk":["Вход для сотрудника","Учётную запись создаёт","Имя пользователя","Пароль","Кабинет редактора","Вы вошли","Новый объект","Обновить список","Черновики","Опубликованные","Архив"],"tech":["editor","/staff/meta"]}
FAIL    UI 375-kk 5 кабинет сотрудника: нет технических слов (адреса API, роли сервера) — {"tech":["editor","/staff/meta"]}
FAIL    UI 375-kk 5 ҚАЗ: форма входа и кабинет сотрудника по-казахски — {"ru":["Вход для сотрудника","Учётную запись создаёт","Имя пользователя","Пароль","Кабинет редактора","Вы вошли","Новый объект","Обновить список","Черновики","Опубликованные","Архив"]}
FAIL    UI 375-kk 5 каталог «Что построить?»: сквер, площадка, спортплощадка, остановка, освещение — {"catalog":false,"kinds":[]}
NOT_RUN UI 375-kk 5 постановка проекта и удаление — {"catalog":false,"kinds":[],"login":true}
PASS    UI 375-kk 5 житель: табличка демо-проекта → карточка → «За» → «Голос учтён» / «Ваш голос: за» — {"label":true,"voted":true,"saved":true}
PASS    UI 375-kk 6 акимат: карточка остановки → «Взять в работу» → «Отметить исправленным» → «Түзетілді», зелёным на карте — {"under":"r07-badge__count","take":true,"fix":true,"fixedShown":true,"green":true}
PASS    UI 375-kk 6 житель: «Менің өтініштерім» → у обращения статус «Түзетілді» — {"mineOpen":true,"mineFixed":true}
FAIL    UI 375-kk * консоль без ошибок (кроме шума среды: подложка, WebGL) — ["warning: Expected value to be of type number, but found null instead.","warning: Expected value to be of type number, but found null instead.","warning: Expected value to be of type number, but found null instead.","warning: Image \"office\" could not be loaded. Please make sure you have added the
ИТОГ: { PASS: 77, FAIL: 28, NOT_RUN: 2 } → C:\Users\LEGION\Desktop\hackalem\birge-coord\research\round-14-results\LOCAL\screens\B2\r10\e2e
