PASS    R01 Главная карта · житель 1366 ru · открылся, язык страницы верный
PASS    R01 Главная карта · житель 1366 ru · нет горизонтальной прокрутки
PASS    R01 Главная карта · житель 1366 ru · нет ключей перевода и технических слов
FAIL    R01 Главная карта · житель 1366 ru · шрифт ≥ 14 px (основной 16) — {"tiny":12,"ex":["11px «Город и жители вместе»","11px «3D»","12px «Для сотрудников»","10px «Территория»","12px «К объектам»","12px «Слои»","12px «Границы районов»","12px «Карта доступна по всей Астане.»"],"under16":9}
FAIL    R01 Главная карта · житель 1366 ru · зоны нажатия ≥ 40 px (цель 48) — {"under40":7,"ex":[{"h":36,"w":128,"t":"Для сотрудников"},{"h":25,"w":276,"t":"Вся Астана Есиль Алматы "},{"h":32,"w":69,"t":"К объектам"},{"h":32,"w":45,"t":"Слои"},{"h":36,"w":11,"t":""},{"h":34,"w":367,"t":"Найти улицу в Астане"},{"h":32
FAIL    R01 Главная карта · житель 1366 ru · значки на карте ≥ 24 px (UX_SPEC §5) — {"badges":12,"under24":6}
FAIL    R01 Главная карта · житель 1366 ru · Tab до главной кнопки, рамка фокуса видна — {"tabs":null,"primary":false,"ring":false}
FAIL    R01 Главная карта · житель 1366 ru · консоль без ошибок — ["warning: Expected value to be of type number, but found null instead.","warning: Expected value to be of type number, but found null instead.","warning: Expected value to be of type number, but found null instead."]
PASS    R01 Главная карта · житель 1366 kk · открылся, язык страницы верный
PASS    R01 Главная карта · житель 1366 kk · нет горизонтальной прокрутки
PASS    R01 Главная карта · житель 1366 kk · нет ключей перевода и технических слов
FAIL    R01 Главная карта · житель 1366 kk · шрифт ≥ 14 px (основной 16) — {"tiny":12,"ex":["11px «Қала мен тұрғындар бірге»","11px «3D»","12px «Қызметкерлерге»","10px «Аумақ»","12px «Нысандарға»","12px «Қабаттар»","12px «Аудан шекаралары»","12px «Карта бүкіл Астана бойынша қол»"],"under16":8}
FAIL    R01 Главная карта · житель 1366 kk · зоны нажатия ≥ 40 px (цель 48) — {"under40":7,"ex":[{"h":36,"w":124,"t":"Қызметкерлерге"},{"h":25,"w":249,"t":"Бүкіл Астана Есіл Алматы"},{"h":32,"w":73,"t":"Нысандарға"},{"h":32,"w":68,"t":"Қабаттар"},{"h":36,"w":34,"t":""},{"h":34,"w":377,"t":"Астанадан көше іздеу"},{"h"
FAIL    R01 Главная карта · житель 1366 kk · значки на карте ≥ 24 px (UX_SPEC §5) — {"badges":12,"under24":6}
FAIL    R01 Главная карта · житель 1366 kk · казахский полный (нет русских строк) — {"n":40,"ex":["7 объектов","Подтверждённых реальных работ в реестре пока нет: все 7 записей — демонстрационные, не сведения о работах в городе.","Фильтры","Дорожные работы","Демо: завершённый ремонт тротуара","Завершено · до 30.09.2026 · ср
FAIL    R01 Главная карта · житель 1366 kk · Tab до главной кнопки, рамка фокуса видна — {"tabs":null,"primary":false,"ring":false}
FAIL    R01 Главная карта · житель 1366 kk · консоль без ошибок — ["warning: Expected value to be of type number, but found null instead.","warning: Expected value to be of type number, but found null instead.","warning: Expected value to be of type number, but found null instead."]
PASS    R01 Главная карта · житель 375 ru · открылся, язык страницы верный
PASS    R01 Главная карта · житель 375 ru · нет горизонтальной прокрутки
PASS    R01 Главная карта · житель 375 ru · нет ключей перевода и технических слов
FAIL    R01 Главная карта · житель 375 ru · шрифт ≥ 14 px (основной 16) — {"tiny":10,"ex":["11px «3D»","10px «Территория»","12px «К объектам»","12px «Слои»","12px «Границы районов»","12px «Карта доступна по всей Астане.»","12px «Опубликовано записей: 7. Из ни»","12px «Границы: OpenStreetMap, снимок»"],"under16":5
FAIL    R01 Главная карта · житель 375 ru · зоны нажатия ≥ 40 px (цель 48) — {"under40":7,"ex":[{"h":34,"w":34,"t":"Показать всю Астану"},{"h":34,"w":34,"t":"Приблизить"},{"h":34,"w":34,"t":"3D"},{"h":36,"w":373,"t":"Развернуть панель"},{"h":36,"w":153,"t":"Вся Астана Есиль Алматы "},{"h":40,"w":37,"t":"Слои"},{"h":
FAIL    R01 Главная карта · житель 375 ru · значки на карте ≥ 24 px (UX_SPEC §5) — {"badges":9,"under24":6}
FAIL    R01 Главная карта · житель 375 ru · консоль без ошибок — ["warning: Expected value to be of type number, but found null instead.","warning: Expected value to be of type number, but found null instead.","warning: Expected value to be of type number, but found null instead."]
PASS    R01 Главная карта · житель 375 kk · открылся, язык страницы верный
PASS    R01 Главная карта · житель 375 kk · нет горизонтальной прокрутки
PASS    R01 Главная карта · житель 375 kk · нет ключей перевода и технических слов
FAIL    R01 Главная карта · житель 375 kk · шрифт ≥ 14 px (основной 16) — {"tiny":10,"ex":["11px «3D»","10px «Аумақ»","12px «Нысандарға»","12px «Қабаттар»","12px «Аудан шекаралары»","12px «Карта бүкіл Астана бойынша қол»","12px «Жарияланған жазбалар: 7. Оның »","12px «Шекаралар: OpenStreetMap, 23.0»"],"under16":4
FAIL    R01 Главная карта · житель 375 kk · зоны нажатия ≥ 40 px (цель 48) — {"under40":7,"ex":[{"h":34,"w":34,"t":"Показать всю Астану"},{"h":34,"w":34,"t":"Приблизить"},{"h":34,"w":34,"t":"3D"},{"h":36,"w":373,"t":"Панельді ашу"},{"h":36,"w":127,"t":"Бүкіл Астана Есіл Алматы"},{"h":36,"w":25,"t":""},{"h":40,"w":33
FAIL    R01 Главная карта · житель 375 kk · значки на карте ≥ 24 px (UX_SPEC §5) — {"badges":9,"under24":6}
FAIL    R01 Главная карта · житель 375 kk · казахский полный (нет русских строк) — {"n":39,"ex":["7 объектов","Подтверждённых реальных работ в реестре пока нет: все 7 записей — демонстрационные, не сведения о работах в городе.","Фильтры","Дорожные работы","Демо: завершённый ремонт тротуара","Завершено · до 30.09.2026 · ср
FAIL    R01 Главная карта · житель 375 kk · консоль без ошибок — ["warning: Expected value to be of type number, but found null instead.","warning: Expected value to be of type number, but found null instead.","warning: Expected value to be of type number, but found null instead."]
PASS    R01 Главная карта · акимат 1366 ru · открылся, язык страницы верный
PASS    R01 Главная карта · акимат 1366 ru · нет горизонтальной прокрутки
PASS    R01 Главная карта · акимат 1366 ru · нет ключей перевода и технических слов
FAIL    R01 Главная карта · акимат 1366 ru · шрифт ≥ 14 px (основной 16) — {"tiny":12,"ex":["11px «Город и жители вместе»","11px «3D»","12px «Для сотрудников»","10px «Территория»","12px «К объектам»","12px «Слои»","12px «Границы районов»","12px «Карта доступна по всей Астане.»"],"under16":9}
FAIL    R01 Главная карта · акимат 1366 ru · зоны нажатия ≥ 40 px (цель 48) — {"under40":7,"ex":[{"h":36,"w":128,"t":"Для сотрудников"},{"h":25,"w":276,"t":"Вся Астана Есиль Алматы "},{"h":32,"w":69,"t":"К объектам"},{"h":32,"w":45,"t":"Слои"},{"h":36,"w":11,"t":""},{"h":34,"w":367,"t":"Найти улицу в Астане"},{"h":32
FAIL    R01 Главная карта · акимат 1366 ru · значки на карте ≥ 24 px (UX_SPEC §5) — {"badges":12,"under24":6}
FAIL    R01 Главная карта · акимат 1366 ru · консоль без ошибок — ["warning: Expected value to be of type number, but found null instead.","warning: Expected value to be of type number, but found null instead.","warning: Expected value to be of type number, but found null instead."]
PASS    R01 Главная карта · акимат 1366 kk · открылся, язык страницы верный
PASS    R01 Главная карта · акимат 1366 kk · нет горизонтальной прокрутки
PASS    R01 Главная карта · акимат 1366 kk · нет ключей перевода и технических слов
FAIL    R01 Главная карта · акимат 1366 kk · шрифт ≥ 14 px (основной 16) — {"tiny":12,"ex":["11px «Қала мен тұрғындар бірге»","11px «3D»","12px «Қызметкерлерге»","10px «Аумақ»","12px «Нысандарға»","12px «Қабаттар»","12px «Аудан шекаралары»","12px «Карта бүкіл Астана бойынша қол»"],"under16":8}
FAIL    R01 Главная карта · акимат 1366 kk · зоны нажатия ≥ 40 px (цель 48) — {"under40":7,"ex":[{"h":36,"w":124,"t":"Қызметкерлерге"},{"h":25,"w":249,"t":"Бүкіл Астана Есіл Алматы"},{"h":32,"w":73,"t":"Нысандарға"},{"h":32,"w":68,"t":"Қабаттар"},{"h":36,"w":34,"t":""},{"h":34,"w":377,"t":"Астанадан көше іздеу"},{"h"
FAIL    R01 Главная карта · акимат 1366 kk · значки на карте ≥ 24 px (UX_SPEC §5) — {"badges":12,"under24":6}
FAIL    R01 Главная карта · акимат 1366 kk · казахский полный (нет русских строк) — {"n":40,"ex":["7 объектов","Подтверждённых реальных работ в реестре пока нет: все 7 записей — демонстрационные, не сведения о работах в городе.","Фильтры","Дорожные работы","Демо: завершённый ремонт тротуара","Завершено · до 30.09.2026 · ср
FAIL    R01 Главная карта · акимат 1366 kk · консоль без ошибок — ["warning: Expected value to be of type number, but found null instead.","warning: Expected value to be of type number, but found null instead.","warning: Expected value to be of type number, but found null instead."]
PASS    R01 Главная карта · акимат 375 ru · открылся, язык страницы верный
PASS    R01 Главная карта · акимат 375 ru · нет горизонтальной прокрутки
PASS    R01 Главная карта · акимат 375 ru · нет ключей перевода и технических слов
FAIL    R01 Главная карта · акимат 375 ru · шрифт ≥ 14 px (основной 16) — {"tiny":11,"ex":["11px «3D»","12px «Для сотрудников»","10px «Территория»","12px «К объектам»","12px «Слои»","12px «Границы районов»","12px «Карта доступна по всей Астане.»","12px «Опубликовано записей: 7. Из ни»"],"under16":5}
FAIL    R01 Главная карта · акимат 375 ru · зоны нажатия ≥ 40 px (цель 48) — {"under40":8,"ex":[{"h":34,"w":34,"t":"Показать всю Астану"},{"h":34,"w":34,"t":"Приблизить"},{"h":34,"w":34,"t":"3D"},{"h":36,"w":373,"t":"Развернуть панель"},{"h":36,"w":128,"t":"Для сотрудников"},{"h":36,"w":153,"t":"Вся Астана Есиль Алм
FAIL    R01 Главная карта · акимат 375 ru · значки на карте ≥ 24 px (UX_SPEC §5) — {"badges":9,"under24":6}
FAIL    R01 Главная карта · акимат 375 ru · консоль без ошибок — ["warning: Expected value to be of type number, but found null instead.","warning: Expected value to be of type number, but found null instead.","warning: Expected value to be of type number, but found null instead."]
PASS    R01 Главная карта · акимат 375 kk · открылся, язык страницы верный
PASS    R01 Главная карта · акимат 375 kk · нет горизонтальной прокрутки
PASS    R01 Главная карта · акимат 375 kk · нет ключей перевода и технических слов
FAIL    R01 Главная карта · акимат 375 kk · шрифт ≥ 14 px (основной 16) — {"tiny":11,"ex":["11px «3D»","12px «Қызметкерлерге»","10px «Аумақ»","12px «Нысандарға»","12px «Қабаттар»","12px «Аудан шекаралары»","12px «Карта бүкіл Астана бойынша қол»","12px «Жарияланған жазбалар: 7. Оның »"],"under16":4}
FAIL    R01 Главная карта · акимат 375 kk · зоны нажатия ≥ 40 px (цель 48) — {"under40":8,"ex":[{"h":34,"w":34,"t":"Показать всю Астану"},{"h":34,"w":34,"t":"Приблизить"},{"h":34,"w":34,"t":"3D"},{"h":36,"w":373,"t":"Панельді ашу"},{"h":36,"w":124,"t":"Қызметкерлерге"},{"h":36,"w":127,"t":"Бүкіл Астана Есіл Алматы"}
FAIL    R01 Главная карта · акимат 375 kk · значки на карте ≥ 24 px (UX_SPEC §5) — {"badges":9,"under24":6}
FAIL    R01 Главная карта · акимат 375 kk · казахский полный (нет русских строк) — {"n":40,"ex":["7 объектов","Подтверждённых реальных работ в реестре пока нет: все 7 записей — демонстрационные, не сведения о работах в городе.","Фильтры","Дорожные работы","Демо: завершённый ремонт тротуара","Завершено · до 30.09.2026 · ср
FAIL    R01 Главная карта · акимат 375 kk · консоль без ошибок — ["warning: Expected value to be of type number, but found null instead.","warning: Expected value to be of type number, but found null instead.","warning: Expected value to be of type number, but found null instead."]
PASS    R01+R08 Картина дня (в оболочке) 1366 ru · открылся, язык страницы верный
PASS    R01+R08 Картина дня (в оболочке) 1366 ru · нет горизонтальной прокрутки
PASS    R01+R08 Картина дня (в оболочке) 1366 ru · нет ключей перевода и технических слов
FAIL    R01+R08 Картина дня (в оболочке) 1366 ru · шрифт ≥ 14 px (основной 16) — {"tiny":2,"ex":["11px «Город и жители вместе»","11px «3D»"],"under16":16}
PASS    R01+R08 Картина дня (в оболочке) 1366 ru · зоны нажатия ≥ 40 px (цель 48)
FAIL    R01+R08 Картина дня (в оболочке) 1366 ru · значки на карте ≥ 24 px (UX_SPEC §5) — {"badges":12,"under24":6}
FAIL    R01+R08 Картина дня (в оболочке) 1366 ru · консоль без ошибок — ["warning: Expected value to be of type number, but found null instead.","warning: Expected value to be of type number, but found null instead.","warning: Expected value to be of type number, but found null instead."]
PASS    R01+R08 Картина дня (в оболочке) 1366 kk · открылся, язык страницы верный
PASS    R01+R08 Картина дня (в оболочке) 1366 kk · нет горизонтальной прокрутки
PASS    R01+R08 Картина дня (в оболочке) 1366 kk · нет ключей перевода и технических слов
FAIL    R01+R08 Картина дня (в оболочке) 1366 kk · шрифт ≥ 14 px (основной 16) — {"tiny":2,"ex":["11px «Қала мен тұрғындар бірге»","11px «3D»"],"under16":16}
PASS    R01+R08 Картина дня (в оболочке) 1366 kk · зоны нажатия ≥ 40 px (цель 48)
FAIL    R01+R08 Картина дня (в оболочке) 1366 kk · значки на карте ≥ 24 px (UX_SPEC §5) — {"badges":12,"under24":6}
FAIL    R01+R08 Картина дня (в оболочке) 1366 kk · казахский полный (нет русских строк) — {"n":4,"ex":["Завершённый ремонт тротуара","Строительство с неизвестным статусом","Благоустройство двора (условный участок)","Работы без известного места (только в списке)"]}
FAIL    R01+R08 Картина дня (в оболочке) 1366 kk · консоль без ошибок — ["warning: Expected value to be of type number, but found null instead.","warning: Expected value to be of type number, but found null instead.","warning: Expected value to be of type number, but found null instead."]
PASS    R01+R08 Картина дня (в оболочке) 375 ru · открылся, язык страницы верный
PASS    R01+R08 Картина дня (в оболочке) 375 ru · нет горизонтальной прокрутки
PASS    R01+R08 Картина дня (в оболочке) 375 ru · нет ключей перевода и технических слов
FAIL    R01+R08 Картина дня (в оболочке) 375 ru · шрифт ≥ 14 px (основной 16) — {"tiny":1,"ex":["11px «3D»"],"under16":8}
FAIL    R01+R08 Картина дня (в оболочке) 375 ru · зоны нажатия ≥ 40 px (цель 48) — {"under40":3,"ex":[{"h":34,"w":34,"t":"Показать всю Астану"},{"h":34,"w":34,"t":"Приблизить"},{"h":34,"w":34,"t":"3D"}],"under48":"5/8"}
FAIL    R01+R08 Картина дня (в оболочке) 375 ru · значки на карте ≥ 24 px (UX_SPEC §5) — {"badges":11,"under24":6}
FAIL    R01+R08 Картина дня (в оболочке) 375 ru · консоль без ошибок — ["warning: Expected value to be of type number, but found null instead.","warning: Expected value to be of type number, but found null instead.","warning: Expected value to be of type number, but found null instead."]
PASS    R01+R08 Картина дня (в оболочке) 375 kk · открылся, язык страницы верный
PASS    R01+R08 Картина дня (в оболочке) 375 kk · нет горизонтальной прокрутки
PASS    R01+R08 Картина дня (в оболочке) 375 kk · нет ключей перевода и технических слов
FAIL    R01+R08 Картина дня (в оболочке) 375 kk · шрифт ≥ 14 px (основной 16) — {"tiny":1,"ex":["11px «3D»"],"under16":8}
FAIL    R01+R08 Картина дня (в оболочке) 375 kk · зоны нажатия ≥ 40 px (цель 48) — {"under40":3,"ex":[{"h":34,"w":34,"t":"Показать всю Астану"},{"h":34,"w":34,"t":"Приблизить"},{"h":34,"w":34,"t":"3D"}],"under48":"5/8"}
FAIL    R01+R08 Картина дня (в оболочке) 375 kk · значки на карте ≥ 24 px (UX_SPEC §5) — {"badges":11,"under24":6}
FAIL    R01+R08 Картина дня (в оболочке) 375 kk · казахский полный (нет русских строк) — {"n":4,"ex":["Завершённый ремонт тротуара","Строительство с неизвестным статусом","Благоустройство двора (условный участок)","Работы без известного места (только в списке)"]}
FAIL    R01+R08 Картина дня (в оболочке) 375 kk · консоль без ошибок — ["warning: Expected value to be of type number, but found null instead.","warning: Expected value to be of type number, but found null instead.","warning: Expected value to be of type number, but found null instead."]
NOT_RUN R07 Тепловая карта · страница модуля 1366 ru+kk · страница есть в сборке
NOT_RUN R07 Тепловая карта · страница модуля 375 ru+kk · страница есть в сборке
NOT_RUN R08 Картина дня · страница модуля 1366 ru+kk · страница есть в сборке
NOT_RUN R08 Картина дня · страница модуля 375 ru+kk · страница есть в сборке
NOT_RUN R06 Предложения и этапы · страница модуля 1366 ru+kk · страница есть в сборке
NOT_RUN R06 Предложения и этапы · страница модуля 375 ru+kk · страница есть в сборке
NOT_RUN R05 3D-превью · страница модуля 1366 ru+kk · страница есть в сборке
NOT_RUN R05 3D-превью · страница модуля 375 ru+kk · страница есть в сборке
ИТОГ: { PASS: 38, FAIL: 54, NOT_RUN: 8 } → C:\Users\LEGION\Desktop\hackalem\birge-coord\research\round-14-results\LOCAL\screens\B2\r10\ux
